============================= test session starts =============================
collecting ... 
----------------------------- live log collection -----------------------------
INFO     omega_kg.settings:settings.py:73 BWS_ACCESS_TOKEN found, attempting Bitwarden authentication
INFO     omega_kg.settings:settings.py:83 Bitwarden authentication successful: ResponseForAccessTokenLoginResponse(success=True, data=AccessTokenLoginResponse(authenticated=True, force_password_reset=False, reset_master_password=False, two_factor=None), error_message=None)
WARNING  omega_kg.settings:settings.py:126 Secret not found in Bitwarden for key 'linear_webhook_secret' (UUID: c4e28fe5-a690-47c1-bf2a-b3a40115fc5f) - will use fallback
WARNING  omega_kg.settings:settings.py:126 Secret not found in Bitwarden for key 'neo4j_password' (UUID: 2e56f3bd-5019-48c0-a778-b3a40116727b) - will use fallback
WARNING  omega_kg.settings:settings.py:126 Secret not found in Bitwarden for key 'gemini_api_key' (UUID: fee6a433-1a72-424c-b58d-b3a40111feb1) - will use fallback
INFO     omega_kg.settings:settings.py:148 Bitwarden secrets loaded for keys: extension_api_key, jwt_secret_key, linear_api_key, perplexity_api_key, postgres_password
collected 1 item

tests/test_config.py::test_config_drift FAILED                           [100%]

================================== FAILURES ===================================
______________________________ test_config_drift ______________________________
tests\test_config.py:169: in test_config_drift
    assert False, f"Config Drift Detected:\n{error_text}\n\n{hint}"
E   AssertionError: Config Drift Detected:
E     Keys in Settings but NOT in .env.example: ['GITHUB_WEBHOOK_SECRET', 'LINEAR_DONE_STATE_ID']
E     Keys in .env.example but NOT in Settings (and not exempted): ['EXTENSION_API_KEY']
E     
E     Hint: Check both omega_kg/settings.py (Settings) and .env.example for mismatches.
E   assert False
=========================== short test summary info ===========================
FAILED tests/test_config.py::test_config_drift - AssertionError: Config Drift Detected:
  Keys in Settings but NOT in .env.example: ['GITHUB_WEBHOOK_SECRET', 'LINEAR_DONE_STATE_ID']
  Keys in .env.example but NOT in Settings (and not exempted): ['EXTENSION_API_KEY']
  
  Hint: Check both omega_kg/settings.py (Settings) and .env.example for mismatches.
assert False
============================== 1 failed in 4.92s ==============================
